// Jest Snapshot v1, https://goo.gl/fbAQLP

exports[`should render at least one ListItem component 1`] = `
<div>
  <h4
    className="sc-bdnylx cvwJVX"
  >
    More to consider
  </h4>
  <div>
    <ul
      className="sc-hKFyIo jRfBt list"
    >
      <li
        className="sc-eCApGN EpVoV list-item"
        onClick={[Function]}
      >
        <a
          href="http://fakewebsite.com/products/0"
        >
          <img
            className="sc-jSFkmK oIuXF"
            src="https://twzkraus-fec-images.s3-us-west-1.amazonaws.com/50+images/0.jpg"
          />
          <p
            className="sc-gtssRu bTjxwM item-price"
          >
            31.00
          </p>
          <p
            className="sc-dlnjPT hCTWnp item-title"
          >
            Intelligent Metal Cheese
          </p>
        </a>
      </li>
      <li
        className="sc-eCApGN EpVoV list-item"
        onClick={[Function]}
      >
        <a
          href="http://fakewebsite.com/products/1"
        >
          <img
            className="sc-jSFkmK oIuXF"
            src="https://twzkraus-fec-images.s3-us-west-1.amazonaws.com/50+images/1.jpg"
          />
          <p
            className="sc-gtssRu bTjxwM item-price"
          >
            88.00
          </p>
          <p
            className="sc-dlnjPT hCTWnp item-title"
          >
            Handmade Metal Hat
          </p>
        </a>
      </li>
      <li
        className="sc-eCApGN EpVoV list-item"
        onClick={[Function]}
      >
        <a
          href="http://fakewebsite.com/products/2"
        >
          <img
            className="sc-jSFkmK oIuXF"
            src="https://twzkraus-fec-images.s3-us-west-1.amazonaws.com/50+images/2.jpg"
          />
          <p
            className="sc-gtssRu bTjxwM item-price"
          >
            76.00
          </p>
          <p
            className="sc-dlnjPT hCTWnp item-title"
          >
            Refined Metal Ball
          </p>
        </a>
      </li>
      <li
        className="sc-eCApGN EpVoV list-item"
        onClick={[Function]}
      >
        <a
          href="http://fakewebsite.com/products/3"
        >
          <img
            className="sc-jSFkmK oIuXF"
            src="https://twzkraus-fec-images.s3-us-west-1.amazonaws.com/50+images/3.jpg"
          />
          <p
            className="sc-gtssRu bTjxwM item-price"
          >
            66.00
          </p>
          <p
            className="sc-dlnjPT hCTWnp item-title"
          >
            Practical Frozen Car
          </p>
        </a>
      </li>
      <li
        className="sc-eCApGN EpVoV list-item"
        onClick={[Function]}
      >
        <a
          href="http://fakewebsite.com/products/4"
        >
          <img
            className="sc-jSFkmK oIuXF"
            src="https://twzkraus-fec-images.s3-us-west-1.amazonaws.com/50+images/4.jpg"
          />
          <p
            className="sc-gtssRu bTjxwM item-price"
          >
            54.00
          </p>
          <p
            className="sc-dlnjPT hCTWnp item-title"
          >
            Generic Cotton Salad
          </p>
        </a>
      </li>
      <li
        className="sc-eCApGN EpVoV list-item"
        onClick={[Function]}
      >
        <a
          href="http://fakewebsite.com/products/5"
        >
          <img
            className="sc-jSFkmK oIuXF"
            src="https://twzkraus-fec-images.s3-us-west-1.amazonaws.com/50+images/5.jpg"
          />
          <p
            className="sc-gtssRu bTjxwM item-price"
          >
            5.00
          </p>
          <p
            className="sc-dlnjPT hCTWnp item-title"
          >
            Sleek Soft Car
          </p>
        </a>
      </li>
      <li
        className="sc-eCApGN EpVoV list-item"
        onClick={[Function]}
      >
        <a
          href="http://fakewebsite.com/products/6"
        >
          <img
            className="sc-jSFkmK oIuXF"
            src="https://twzkraus-fec-images.s3-us-west-1.amazonaws.com/50+images/6.jpg"
          />
          <p
            className="sc-gtssRu bTjxwM item-price"
          >
            5.00
          </p>
          <p
            className="sc-dlnjPT hCTWnp item-title"
          >
            Practical Rubber Table
          </p>
        </a>
      </li>
    </ul>
  </div>
</div>
`;
